PS C:\Paypal research\git_project> git status
fatal: not a git repository (or any of the parent directories): .git
PS C:\Paypal research\git_project> cd .\detect_IoT\
PS C:\Paypal research\git_project\detect_IoT> git status
On branch main
Your branch is up to date with 'origin/main'.

nothing to commit, working tree clean
PS C:\Paypal research\git_project\detect_IoT> git remote -v
origin  https://github.com/yubars/detect_IoT (fetch)
origin  https://github.com/yubars/detect_IoT (push)
PS C:\Paypal research\git_project\detect_IoT> git local -v
git: 'local' is not a git command. See 'git --help'.
PS C:\Paypal research\git_project\detect_IoT> git status
On branch main
Your branch is up to date with 'origin/main'.

Untracked files:
  (use "git add <file>..." to include in what will be committed)
        test file.txt

nothing added to commit but untracked files present (use "git add" to track)
PS C:\Paypal research\git_project\detect_IoT> git status
On branch main
Your branch is up to date with 'origin/main'.

Untracked files:
  (use "git add <file>..." to include in what will be committed)
        test file - Copy (2).txt
        test file - Copy (3).txt
        test file - Copy.txt
        test file.txt

nothing added to commit but untracked files present (use "git add" to track)
PS C:\Paypal research\git_project\detect_IoT> git add .
PS C:\Paypal research\git_project\detect_IoT> git status
On branch main
Your branch is up to date with 'origin/main'.

Changes to be committed:
  (use "git restore --staged <file>..." to unstage)
        new file:   test file - Copy (2).txt
        new file:   test file - Copy (3).txt
        new file:   test file - Copy.txt
        new file:   test file.txt

PS C:\Paypal research\git_project\detect_IoT> git restore --staged ".\test file - Copy (2).txt"
PS C:\Paypal research\git_project\detect_IoT> git status
On branch main
Your branch is up to date with 'origin/main'.

Changes to be committed:
  (use "git restore --staged <file>..." to unstage)
        new file:   test file - Copy (3).txt
        new file:   test file - Copy.txt
        new file:   test file.txt

Untracked files:
  (use "git add <file>..." to include in what will be committed)
        test file - Copy (2).txt

PS C:\Paypal research\git_project\detect_IoT> git commit -m "three test files added"
[main 4bfcf7f] three test files added
 3 files changed, 0 insertions(+), 0 deletions(-)
 create mode 100644 test file - Copy (3).txt
 create mode 100644 test file - Copy.txt
 create mode 100644 test file.txt
PS C:\Paypal research\git_project\detect_IoT> git status
On branch main
Your branch is ahead of 'origin/main' by 1 commit.
  (use "git push" to publish your local commits)

Untracked files:
  (use "git add <file>..." to include in what will be committed)
        test file - Copy (2).txt

nothing added to commit but untracked files present (use "git add" to track)
PS C:\Paypal research\git_project\detect_IoT> git branh
git: 'branh' is not a git command. See 'git --help'.

The most similar command is
        branch
PS C:\Paypal research\git_project\detect_IoT> git branch
* main
PS C:\Paypal research\git_project\detect_IoT> git push
Enumerating objects: 4, done.
Counting objects: 100% (4/4), done.
Delta compression using up to 8 threads
Compressing objects: 100% (2/2), done.
Writing objects: 100% (3/3), 300 bytes | 300.00 KiB/s, done.
Total 3 (delta 1), reused 0 (delta 0), pack-reused 0
remote: Resolving deltas: 100% (1/1), completed with 1 local object.
To https://github.com/yubars/detect_IoT
   c1a7082..4bfcf7f  main -> main
PS C:\Paypal research\git_project\detect_IoT> git status
On branch main
Your branch is up to date with 'origin/main'.

Untracked files:
  (use "git add <file>..." to include in what will be committed)
        test file - Copy (2).txt

nothing added to commit but untracked files present (use "git add" to track)
PS C:\Paypal research\git_project\detect_IoT> git status
On branch main
Your branch is up to date with 'origin/main'.

Untracked files:
  (use "git add <file>..." to include in what will be committed)
        test file - Copy (2).txt

nothing added to commit but untracked files present (use "git add" to track)
PS C:\Paypal research\git_project\detect_IoT> git pull
remote: Enumerating objects: 3, done.
remote: Counting objects: 100% (3/3), done.
remote: Compressing objects: 100% (2/2), done.
remote: Total 2 (delta 1), reused 0 (delta 0), pack-reused 0
Unpacking objects: 100% (2/2), 593 bytes | 49.00 KiB/s, done.
From https://github.com/yubars/detect_IoT
   4bfcf7f..592390b  main       -> origin/main
Updating 4bfcf7f..592390b
Fast-forward
 test file - Copy.txt | 0
 1 file changed, 0 insertions(+), 0 deletions(-)
 delete mode 100644 test file - Copy.txt
PS C:\Paypal research\git_project\detect_IoT> git status
On branch main
Your branch is up to date with 'origin/main'.

Untracked files:
  (use "git add <file>..." to include in what will be committed)
        test file - Copy (2).txt

nothing added to commit but untracked files present (use "git add" to track)